// Jest Snapshot v1, https://goo.gl/fbAQLP

exports[`About should match snapshot 1`] = `
<div>
  <h1>
    About
  </h1>
  <p>
    This component has its own state.
  </p>
  <a
    href="/"
    onClick={[Function]}
  >
    Home
  </a>
  <br />
  <br />
  <button
    onClick={[Function]}
  >
    Change Text
  </button>
</div>
`;
